\i sql/model.sql
\set ECHO none
psql:sql/model.sql:3: NOTICE:  schema "test" does not exist, skipping
 _create_roles 
---------------
             0
(1 row)

 _grant_read 
-------------
 
(1 row)

 _grant_read 
-------------
 
(1 row)

 _grant_read 
-------------
 
(1 row)

 fifo_init 
-----------
 
(1 row)

 _grant_read 
-------------
 
(1 row)

 fifo_init 
-----------
 
(1 row)

psql:sql/model.sql:633: ERROR:  function deletemvt() does not exist
 id | diag 
----+------
  1 |    0
(1 row)

 id | diag 
----+------
  2 |    0
(1 row)

 id | diag 
----+------
  3 |    0
(1 row)

 femptystack 
-------------
           3
(1 row)

 id | nbc | nbt | grp | xid | xoid | own_src | own_dst | qtt | nat | ack 
----+-----+-----+-----+-----+------+---------+---------+-----+-----+-----
  1 |   3 |   3 |   1 |   3 |    3 | c       | b       |  20 | q3  | f
  2 |   3 |   3 |   1 |   2 |    2 | b       | a       |  20 | q2  | f
  3 |   3 |   3 |   1 |   1 |    1 | a       | c       |  20 | q1  | f
(3 rows)

 acceptmvt 
-----------
         1
(1 row)

 acceptmvt 
-----------
         1
(1 row)

 acceptmvt 
-----------
         1
(1 row)

 count 
-------
     0
(1 row)

